kern  :notice: [Wed May 14 06:45:11 2025] Linux version 5.15.167.4-microsoft-standard-WSL2 (root@f9c826d3017f) (gcc (GCC) 11.2.0, GNU ld (GNU Binutils) 2.37) #1 SMP Tue Nov 5 00:21:55 UTC 2024
kern  :info  : [Wed May 14 06:45:11 2025] Command line: initrd=\initrd.img WSL_ROOT_INIT=1 panic=-1 nr_cpus=16 hv_utils.timesync_implicit=1 console=hvc0 debug pty.legacy_count=0 WSL_ENABLE_CRASH_DUMP=1
kern  :info  : [Wed May 14 06:45:11 2025] KERNEL supported cpus:
kern  :info  : [Wed May 14 06:45:11 2025]   Intel GenuineIntel
kern  :info  : [Wed May 14 06:45:11 2025]   AMD AuthenticAMD
kern  :info  : [Wed May 14 06:45:11 2025]   Centaur CentaurHauls
kern  :info  : [Wed May 14 06:45:11 2025] BIOS-provided physical RAM map:
kern  :info  : [Wed May 14 06:45:11 2025] BIOS-e820: [mem 0x0000000000000000-0x000000000009ffff] usable
kern  :info  : [Wed May 14 06:45:11 2025] BIOS-e820: [mem 0x00000000000e0000-0x00000000000e0fff] reserved
kern  :info  : [Wed May 14 06:45:11 2025] BIOS-e820: [mem 0x0000000000100000-0x00000000001fffff] ACPI data
kern  :info  : [Wed May 14 06:45:11 2025] BIOS-e820: [mem 0x0000000000200000-0x00000000f7ffffff] usable
kern  :info  : [Wed May 14 06:45:11 2025] BIOS-e820: [mem 0x0000000100000000-0x00000001f57fffff] usable
kern  :info  : [Wed May 14 06:45:11 2025] NX (Execute Disable) protection: active
kern  :info  : [Wed May 14 06:45:11 2025] DMI not present or invalid.
kern  :info  : [Wed May 14 06:45:11 2025] Hypervisor detected: Microsoft Hyper-V
kern  :info  : [Wed May 14 06:45:11 2025] Hyper-V: privilege flags low 0xae7f, high 0x3b8030, hints 0x900c2c, misc 0xe0bed7b6
kern  :info  : [Wed May 14 06:45:11 2025] Hyper-V Host Build:26100-10.0-3-0.3775
kern  :info  : [Wed May 14 06:45:11 2025] Hyper-V: Nested features: 0x4a0000
kern  :info  : [Wed May 14 06:45:11 2025] Hyper-V: LAPIC Timer Frequency: 0x1e8480
kern  :info  : [Wed May 14 06:45:11 2025] Hyper-V: Using hypercall for remote TLB flush
kern  :info  : [Wed May 14 06:45:11 2025] clocksource: hyperv_clocksource_tsc_page: mask: 0xffffffffffffffff max_cycles: 0x24e6a1710, max_idle_ns: 440795202120 ns
kern  :info  : [Wed May 14 06:45:11 2025] tsc: Detected 2894.589 MHz processor
kern  :debug : [Wed May 14 06:45:11 2025] e820: update [mem 0x00000000-0x00000fff] usable ==> reserved
kern  :debug : [Wed May 14 06:45:11 2025] e820: remove [mem 0x000a0000-0x000fffff] usable
kern  :info  : [Wed May 14 06:45:11 2025] last_pfn = 0x1f5800 max_arch_pfn = 0x400000000
kern  :info  : [Wed May 14 06:45:11 2025] x86/PAT: Configuration [0-7]: WB  WC  UC- UC  WB  WP  UC- WT  
kern  :info  : [Wed May 14 06:45:11 2025] last_pfn = 0xf8000 max_arch_pfn = 0x400000000
kern  :info  : [Wed May 14 06:45:11 2025] Using GB pages for direct mapping
kern  :info  : [Wed May 14 06:45:11 2025] RAMDISK: [mem 0x03de4000-0x04034fff]
kern  :info  : [Wed May 14 06:45:11 2025] ACPI: Early table checksum verification disabled
kern  :info  : [Wed May 14 06:45:11 2025] ACPI: RSDP 0x00000000000E0000 000024 (v02 VRTUAL)
kern  :info  : [Wed May 14 06:45:11 2025] ACPI: XSDT 0x0000000000100000 000044 (v01 VRTUAL MICROSFT 00000001 MSFT 00000001)
kern  :info  : [Wed May 14 06:45:11 2025] ACPI: FACP 0x0000000000101000 000114 (v06 VRTUAL MICROSFT 00000001 MSFT 00000001)
kern  :info  : [Wed May 14 06:45:11 2025] ACPI: DSDT 0x00000000001011B8 01E191 (v02 MSFTVM DSDT01   00000001 MSFT 05000000)
kern  :info  : [Wed May 14 06:45:11 2025] ACPI: FACS 0x0000000000101114 000040
kern  :info  : [Wed May 14 06:45:11 2025] ACPI: OEM0 0x0000000000101154 000064 (v01 VRTUAL MICROSFT 00000001 MSFT 00000001)
kern  :info  : [Wed May 14 06:45:11 2025] ACPI: SRAT 0x000000000011F349 0003B0 (v02 VRTUAL MICROSFT 00000001 MSFT 00000001)
kern  :info  : [Wed May 14 06:45:11 2025] ACPI: APIC 0x000000000011F6F9 0000C8 (v04 VRTUAL MICROSFT 00000001 MSFT 00000001)
kern  :info  : [Wed May 14 06:45:11 2025] ACPI: Reserving FACP table memory at [mem 0x101000-0x101113]
kern  :info  : [Wed May 14 06:45:11 2025] ACPI: Reserving DSDT table memory at [mem 0x1011b8-0x11f348]
kern  :info  : [Wed May 14 06:45:11 2025] ACPI: Reserving FACS table memory at [mem 0x101114-0x101153]
kern  :info  : [Wed May 14 06:45:11 2025] ACPI: Reserving OEM0 table memory at [mem 0x101154-0x1011b7]
kern  :info  : [Wed May 14 06:45:11 2025] ACPI: Reserving SRAT table memory at [mem 0x11f349-0x11f6f8]
kern  :info  : [Wed May 14 06:45:11 2025] ACPI: Reserving APIC table memory at [mem 0x11f6f9-0x11f7c0]
kern  :info  : [Wed May 14 06:45:11 2025] Zone ranges:
kern  :info  : [Wed May 14 06:45:11 2025]   DMA      [mem 0x0000000000001000-0x0000000000ffffff]
kern  :info  : [Wed May 14 06:45:11 2025]   DMA32    [mem 0x0000000001000000-0x00000000ffffffff]
kern  :info  : [Wed May 14 06:45:11 2025]   Normal   [mem 0x0000000100000000-0x00000001f57fffff]
kern  :info  : [Wed May 14 06:45:11 2025]   Device   empty
kern  :info  : [Wed May 14 06:45:11 2025] Movable zone start for each node
kern  :info  : [Wed May 14 06:45:11 2025] Early memory node ranges
kern  :info  : [Wed May 14 06:45:11 2025]   node   0: [mem 0x0000000000001000-0x000000000009ffff]
kern  :info  : [Wed May 14 06:45:11 2025]   node   0: [mem 0x0000000000200000-0x00000000f7ffffff]
kern  :info  : [Wed May 14 06:45:11 2025]   node   0: [mem 0x0000000100000000-0x00000001f57fffff]
kern  :info  : [Wed May 14 06:45:11 2025] Initmem setup node 0 [mem 0x0000000000001000-0x00000001f57fffff]
kern  :info  : [Wed May 14 06:45:11 2025] On node 0, zone DMA: 1 pages in unavailable ranges
kern  :info  : [Wed May 14 06:45:11 2025] On node 0, zone DMA: 352 pages in unavailable ranges
kern  :info  : [Wed May 14 06:45:11 2025] On node 0, zone Normal: 10240 pages in unavailable ranges
kern  :info  : [Wed May 14 06:45:11 2025] ACPI: LAPIC_NMI (acpi_id[0x01] dfl dfl lint[0x1])
kern  :info  : [Wed May 14 06:45:11 2025] IOAPIC[0]: apic_id 16, version 17, address 0xfec00000, GSI 0-23
kern  :info  : [Wed May 14 06:45:11 2025] ACPI: INT_SRC_OVR (bus 0 bus_irq 9 global_irq 9 high level)
kern  :info  : [Wed May 14 06:45:11 2025] ACPI: Using ACPI (MADT) for SMP configuration information
kern  :info  : [Wed May 14 06:45:11 2025] smpboot: Allowing 16 CPUs, 0 hotplug CPUs
kern  :info  : [Wed May 14 06:45:11 2025] [mem 0xf8000000-0xffffffff] available for PCI devices
kern  :info  : [Wed May 14 06:45:11 2025] Booting paravirtualized kernel on Hyper-V
kern  :info  : [Wed May 14 06:45:11 2025] clocksource: refined-jiffies: mask: 0xffffffff max_cycles: 0xffffffff, max_idle_ns: 19112604462750000 ns
kern  :info  : [Wed May 14 06:45:11 2025] setup_percpu: NR_CPUS:256 nr_cpumask_bits:256 nr_cpu_ids:16 nr_node_ids:1
kern  :info  : [Wed May 14 06:45:11 2025] percpu: Embedded 54 pages/cpu s180696 r8192 d32296 u262144
kern  :debug : [Wed May 14 06:45:11 2025] pcpu-alloc: s180696 r8192 d32296 u262144 alloc=1*2097152
kern  :debug : [Wed May 14 06:45:11 2025] pcpu-alloc: [0] 00 01 02 03 04 05 06 07 [0] 08 09 10 11 12 13 14 15 
kern  :info  : [Wed May 14 06:45:11 2025] Hyper-V: PV spinlocks enabled
kern  :info  : [Wed May 14 06:45:11 2025] PV qspinlock hash table entries: 256 (order: 0, 4096 bytes, linear)
kern  :info  : [Wed May 14 06:45:11 2025] Built 1 zonelists, mobility grouping on.  Total pages: 1988773
kern  :notice: [Wed May 14 06:45:11 2025] Kernel command line: initrd=\initrd.img WSL_ROOT_INIT=1 panic=-1 nr_cpus=16 hv_utils.timesync_implicit=1 console=hvc0 debug pty.legacy_count=0 WSL_ENABLE_CRASH_DUMP=1
kern  :notice: [Wed May 14 06:45:11 2025] Unknown kernel command line parameters "WSL_ROOT_INIT=1 WSL_ENABLE_CRASH_DUMP=1", will be passed to user space.
kern  :info  : [Wed May 14 06:45:11 2025] Dentry cache hash table entries: 1048576 (order: 11, 8388608 bytes, linear)
kern  :info  : [Wed May 14 06:45:11 2025] Inode-cache hash table entries: 524288 (order: 10, 4194304 bytes, linear)
kern  :info  : [Wed May 14 06:45:11 2025] mem auto-init: stack:off, heap alloc:off, heap free:off
kern  :info  : [Wed May 14 06:45:11 2025] Memory: 4081028K/8084092K available (18452K kernel code, 2648K rwdata, 9668K rodata, 2016K init, 1776K bss, 255152K reserved, 0K cma-reserved)
kern  :info  : [Wed May 14 06:45:11 2025] SLUB: HWalign=64, Order=0-3, MinObjects=0, CPUs=16, Nodes=1
kern  :info  : [Wed May 14 06:45:11 2025] ftrace: allocating 52991 entries in 207 pages
kern  :info  : [Wed May 14 06:45:11 2025] ftrace: allocated 207 pages with 6 groups
kern  :info  : [Wed May 14 06:45:11 2025] rcu: Hierarchical RCU implementation.
kern  :info  : [Wed May 14 06:45:11 2025] rcu: 	RCU restricting CPUs from NR_CPUS=256 to nr_cpu_ids=16.
kern  :info  : [Wed May 14 06:45:11 2025] 	Rude variant of Tasks RCU enabled.
kern  :info  : [Wed May 14 06:45:11 2025] 	Tracing variant of Tasks RCU enabled.
kern  :info  : [Wed May 14 06:45:11 2025] rcu: RCU calculated value of scheduler-enlistment delay is 10 jiffies.
kern  :info  : [Wed May 14 06:45:11 2025] rcu: Adjusting geometry for rcu_fanout_leaf=16, nr_cpu_ids=16
kern  :info  : [Wed May 14 06:45:11 2025] Using NULL legacy PIC
kern  :info  : [Wed May 14 06:45:11 2025] NR_IRQS: 16640, nr_irqs: 552, preallocated irqs: 0
kern  :notice: [Wed May 14 06:45:11 2025] random: crng init done
kern  :info  : [Wed May 14 06:45:11 2025] Console: colour dummy device 80x25
kern  :info  : [Wed May 14 06:45:11 2025] ACPI: Core revision 20210730
kern  :info  : [Wed May 14 06:45:11 2025] Failed to register legacy timer interrupt
kern  :info  : [Wed May 14 06:45:11 2025] APIC: Switch to symmetric I/O mode setup
kern  :info  : [Wed May 14 06:45:11 2025] Switched APIC routing to physical flat.
kern  :info  : [Wed May 14 06:45:11 2025] Hyper-V: Using IPI hypercalls
kern  :info  : [Wed May 14 06:45:11 2025] Hyper-V: Using enlightened APIC (xapic mode)
kern  :info  : [Wed May 14 06:45:11 2025] clocksource: tsc-early: mask: 0xffffffffffffffff max_cycles: 0x29b94b72408, max_idle_ns: 440795328377 ns
kern  :info  : [Wed May 14 06:45:11 2025] Calibrating delay loop (skipped), value calculated using timer frequency.. 5789.17 BogoMIPS (lpj=28945890)
kern  :info  : [Wed May 14 06:45:11 2025] x86/cpu: User Mode Instruction Prevention (UMIP) activated
kern  :info  : [Wed May 14 06:45:11 2025] Last level iTLB entries: 4KB 1024, 2MB 1024, 4MB 512
kern  :info  : [Wed May 14 06:45:11 2025] Last level dTLB entries: 4KB 2048, 2MB 2048, 4MB 1024, 1GB 0
kern  :info  : [Wed May 14 06:45:11 2025] Spectre V1 : Mitigation: usercopy/swapgs barriers and __user pointer sanitization
kern  :info  : [Wed May 14 06:45:11 2025] Spectre V2 : Mitigation: Retpolines
kern  :info  : [Wed May 14 06:45:11 2025] Spectre V2 : Spectre v2 / SpectreRSB mitigation: Filling RSB on context switch
kern  :info  : [Wed May 14 06:45:11 2025] Spectre V2 : Spectre v2 / SpectreRSB : Filling RSB on VMEXIT
kern  :info  : [Wed May 14 06:45:11 2025] Spectre V2 : Enabling Speculation Barrier for firmware calls
kern  :info  : [Wed May 14 06:45:11 2025] RETBleed: Mitigation: untrained return thunk
kern  :info  : [Wed May 14 06:45:11 2025] Spectre V2 : mitigation: Enabling conditional Indirect Branch Prediction Barrier
kern  :info  : [Wed May 14 06:45:11 2025] Spectre V2 : Selecting STIBP always-on mode to complement retbleed mitigation
kern  :info  : [Wed May 14 06:45:11 2025] Spectre V2 : User space: Mitigation: STIBP always-on protection
kern  :info  : [Wed May 14 06:45:11 2025] Speculative Store Bypass: Mitigation: Speculative Store Bypass disabled via prctl and seccomp
kern  :info  : [Wed May 14 06:45:11 2025] Speculative Return Stack Overflow: Mitigation: safe RET
kern  :info  : [Wed May 14 06:45:11 2025] x86/fpu: Supporting XSAVE feature 0x001: 'x87 floating point registers'
kern  :info  : [Wed May 14 06:45:11 2025] x86/fpu: Supporting XSAVE feature 0x002: 'SSE registers'
kern  :info  : [Wed May 14 06:45:11 2025] x86/fpu: Supporting XSAVE feature 0x004: 'AVX registers'
kern  :info  : [Wed May 14 06:45:11 2025] x86/fpu: xstate_offset[2]:  576, xstate_sizes[2]:  256
kern  :info  : [Wed May 14 06:45:11 2025] x86/fpu: Enabled xstate features 0x7, context size is 832 bytes, using 'standard' format.
kern  :info  : [Wed May 14 06:45:11 2025] Freeing SMP alternatives memory: 60K
kern  :info  : [Wed May 14 06:45:11 2025] pid_max: default: 32768 minimum: 301
kern  :info  : [Wed May 14 06:45:11 2025] LSM: Security Framework initializing
kern  :info  : [Wed May 14 06:45:11 2025] landlock: Up and running.
kern  :info  : [Wed May 14 06:45:11 2025] Mount-cache hash table entries: 16384 (order: 5, 131072 bytes, linear)
kern  :info  : [Wed May 14 06:45:11 2025] Mountpoint-cache hash table entries: 16384 (order: 5, 131072 bytes, linear)
kern  :info  : [Wed May 14 06:45:11 2025] smpboot: CPU0: AMD Ryzen 7 4800HS with Radeon Graphics (family: 0x17, model: 0x60, stepping: 0x1)
kern  :info  : [Wed May 14 06:45:11 2025] Performance Events: Fam17h+ core perfctr, AMD PMU driver.
kern  :info  : [Wed May 14 06:45:11 2025] ... version:                0
kern  :info  : [Wed May 14 06:45:11 2025] ... bit width:              48
kern  :info  : [Wed May 14 06:45:11 2025] ... generic registers:      6
kern  :info  : [Wed May 14 06:45:11 2025] ... value mask:             0000ffffffffffff
kern  :info  : [Wed May 14 06:45:11 2025] ... max period:             00007fffffffffff
kern  :info  : [Wed May 14 06:45:11 2025] ... fixed-purpose events:   0
kern  :info  : [Wed May 14 06:45:11 2025] ... event mask:             000000000000003f
kern  :info  : [Wed May 14 06:45:11 2025] signal: max sigframe size: 1776
kern  :info  : [Wed May 14 06:45:11 2025] rcu: Hierarchical SRCU implementation.
kern  :info  : [Wed May 14 06:45:11 2025] smp: Bringing up secondary CPUs ...
kern  :info  : [Wed May 14 06:45:11 2025] x86: Booting SMP configuration:
kern  :info  : [Wed May 14 06:45:11 2025] .... node  #0, CPUs:        #1
kern  :info  : [Wed May 14 06:45:11 2025] Spectre V2 : Update user space SMT mitigation: STIBP always-on
kern  :alert : [Wed May 14 06:45:11 2025]   #2  #3  #4  #5  #6  #7  #8  #9 #10 #11 #12 #13 #14 #15
kern  :info  : [Wed May 14 06:45:11 2025] smp: Brought up 1 node, 16 CPUs
kern  :info  : [Wed May 14 06:45:11 2025] smpboot: Max logical packages: 1
kern  :info  : [Wed May 14 06:45:11 2025] smpboot: Total of 16 processors activated (92626.84 BogoMIPS)
kern  :info  : [Wed May 14 06:45:11 2025] node 0 deferred pages initialised in 10ms
kern  :info  : [Wed May 14 06:45:11 2025] devtmpfs: initialized
kern  :info  : [Wed May 14 06:45:11 2025] x86/mm: Memory block size: 128MB
kern  :info  : [Wed May 14 06:45:11 2025] clocksource: jiffies: mask: 0xffffffff max_cycles: 0xffffffff, max_idle_ns: 19112604462750000 ns
kern  :info  : [Wed May 14 06:45:11 2025] futex hash table entries: 4096 (order: 6, 262144 bytes, linear)
kern  :info  : [Wed May 14 06:45:11 2025] NET: Registered PF_NETLINK/PF_ROUTE protocol family
kern  :info  : [Wed May 14 06:45:11 2025] audit: initializing netlink subsys (disabled)
kern  :notice: [Wed May 14 06:45:11 2025] audit: type=2000 audit(1747205110.030:1): state=initialized audit_enabled=0 res=1
kern  :info  : [Wed May 14 06:45:11 2025] thermal_sys: Registered thermal governor 'step_wise'
kern  :info  : [Wed May 14 06:45:11 2025] cpuidle: using governor menu
kern  :info  : [Wed May 14 06:45:11 2025] ACPI: bus type PCI registered
kern  :err   : [Wed May 14 06:45:11 2025] PCI: Fatal: No config space access function found
kern  :info  : [Wed May 14 06:45:11 2025] kprobes: kprobe jump-optimization is enabled. All kprobes are optimized if possible.
kern  :info  : [Wed May 14 06:45:11 2025] HugeTLB registered 1.00 GiB page size, pre-allocated 0 pages
kern  :info  : [Wed May 14 06:45:11 2025] HugeTLB registered 2.00 MiB page size, pre-allocated 0 pages
kern  :info  : [Wed May 14 06:45:11 2025] raid6: skip pq benchmark and using algorithm avx2x4
kern  :info  : [Wed May 14 06:45:11 2025] raid6: using avx2x2 recovery algorithm
kern  :info  : [Wed May 14 06:45:11 2025] ACPI: Added _OSI(Module Device)
kern  :info  : [Wed May 14 06:45:11 2025] ACPI: Added _OSI(Processor Device)
kern  :info  : [Wed May 14 06:45:11 2025] ACPI: Added _OSI(3.0 _SCP Extensions)
kern  :info  : [Wed May 14 06:45:11 2025] ACPI: Added _OSI(Processor Aggregator Device)
kern  :info  : [Wed May 14 06:45:11 2025] ACPI: Added _OSI(Linux-Dell-Video)
kern  :info  : [Wed May 14 06:45:11 2025] ACPI: Added _OSI(Linux-Lenovo-NV-HDMI-Audio)
kern  :info  : [Wed May 14 06:45:11 2025] ACPI: Added _OSI(Linux-HPI-Hybrid-Graphics)
kern  :info  : [Wed May 14 06:45:11 2025] ACPI: 1 ACPI AML tables successfully acquired and loaded
kern  :info  : [Wed May 14 06:45:11 2025] ACPI: Interpreter enabled
kern  :info  : [Wed May 14 06:45:11 2025] ACPI: PM: (supports S0 S5)
kern  :info  : [Wed May 14 06:45:11 2025] ACPI: Using IOAPIC for interrupt routing
kern  :info  : [Wed May 14 06:45:11 2025] PCI: Using host bridge windows from ACPI; if necessary, use "pci=nocrs" and report a bug
kern  :info  : [Wed May 14 06:45:11 2025] ACPI: Enabled 2 GPEs in block 00 to 0F
kern  :info  : [Wed May 14 06:45:11 2025] iommu: Default domain type: Translated 
kern  :info  : [Wed May 14 06:45:11 2025] iommu: DMA domain TLB invalidation policy: lazy mode 
kern  :notice: [Wed May 14 06:45:11 2025] SCSI subsystem initialized
kern  :info  : [Wed May 14 06:45:11 2025] ACPI: bus type USB registered
kern  :info  : [Wed May 14 06:45:11 2025] usbcore: registered new interface driver usbfs
kern  :info  : [Wed May 14 06:45:11 2025] usbcore: registered new interface driver hub
kern  :info  : [Wed May 14 06:45:11 2025] usbcore: registered new device driver usb
kern  :info  : [Wed May 14 06:45:11 2025] pps_core: LinuxPPS API ver. 1 registered
kern  :info  : [Wed May 14 06:45:11 2025] pps_core: Software ver. 5.3.6 - Copyright 2005-2007 Rodolfo Giometti <giometti@linux.it>
kern  :info  : [Wed May 14 06:45:11 2025] PTP clock support registered
kern  :info  : [Wed May 14 06:45:11 2025] hv_vmbus: Vmbus version:5.3
kern  :info  : [Wed May 14 06:45:11 2025] PCI: Using ACPI for IRQ routing
kern  :warn  : [Wed May 14 06:45:11 2025] PCI: System does not support PCI
kern  :info  : [Wed May 14 06:45:11 2025] clocksource: Switched to clocksource tsc-early
kern  :info  : [Wed May 14 06:45:11 2025] hv_vmbus: Unknown GUID: c376c1c3-d276-48d2-90a9-c04748072c60
kern  :info  : [Wed May 14 06:45:11 2025] hv_vmbus: Unknown GUID: 6e382d18-3336-4f4b-acc4-2b7703d4df4a
kern  :info  : [Wed May 14 06:45:11 2025] hv_vmbus: Unknown GUID: dde9cbc0-5060-4436-9448-ea1254a5d177
kern  :info  : [Wed May 14 06:45:11 2025] hv_vmbus: Unknown GUID: 6e382d18-3336-4f4b-acc4-2b7703d4df4a
kern  :notice: [Wed May 14 06:45:11 2025] VFS: Disk quotas dquot_6.6.0
kern  :info  : [Wed May 14 06:45:11 2025] VFS: Dquot-cache hash table entries: 512 (order 0, 4096 bytes)
kern  :notice: [Wed May 14 06:45:11 2025] FS-Cache: Loaded
kern  :info  : [Wed May 14 06:45:11 2025] pnp: PnP ACPI init
kern  :info  : [Wed May 14 06:45:11 2025] pnp: PnP ACPI: found 1 devices
kern  :info  : [Wed May 14 06:45:11 2025] NET: Registered PF_INET protocol family
kern  :info  : [Wed May 14 06:45:11 2025] IP idents hash table entries: 131072 (order: 8, 1048576 bytes, linear)
kern  :info  : [Wed May 14 06:45:11 2025] tcp_listen_portaddr_hash hash table entries: 4096 (order: 4, 65536 bytes, linear)
kern  :info  : [Wed May 14 06:45:11 2025] Table-perturb hash table entries: 65536 (order: 6, 262144 bytes, linear)
kern  :info  : [Wed May 14 06:45:11 2025] TCP established hash table entries: 65536 (order: 7, 524288 bytes, linear)
kern  :info  : [Wed May 14 06:45:11 2025] TCP bind hash table entries: 65536 (order: 8, 1048576 bytes, linear)
kern  :info  : [Wed May 14 06:45:11 2025] TCP: Hash tables configured (established 65536 bind 65536)
kern  :info  : [Wed May 14 06:45:11 2025] UDP hash table entries: 4096 (order: 5, 131072 bytes, linear)
kern  :info  : [Wed May 14 06:45:11 2025] UDP-Lite hash table entries: 4096 (order: 5, 131072 bytes, linear)
kern  :info  : [Wed May 14 06:45:11 2025] NET: Registered PF_UNIX/PF_LOCAL protocol family
kern  :info  : [Wed May 14 06:45:11 2025] RPC: Registered named UNIX socket transport module.
kern  :info  : [Wed May 14 06:45:11 2025] RPC: Registered udp transport module.
kern  :info  : [Wed May 14 06:45:11 2025] RPC: Registered tcp transport module.
kern  :info  : [Wed May 14 06:45:11 2025] RPC: Registered tcp NFSv4.1 backchannel transport module.
kern  :info  : [Wed May 14 06:45:11 2025] PCI: CLS 0 bytes, default 64
kern  :info  : [Wed May 14 06:45:11 2025] PCI-DMA: Using software bounce buffering for IO (SWIOTLB)
kern  :info  : [Wed May 14 06:45:11 2025] software IO TLB: mapped [mem 0x00000000f4000000-0x00000000f8000000] (64MB)
kern  :err   : [Wed May 14 06:45:11 2025] kvm: no hardware support
kern  :info  : [Wed May 14 06:45:11 2025] Trying to unpack rootfs image as initramfs...
kern  :info  : [Wed May 14 06:45:11 2025] kvm: Nested Virtualization enabled
kern  :info  : [Wed May 14 06:45:11 2025] SVM: kvm: Nested Paging enabled
kern  :info  : [Wed May 14 06:45:11 2025] SVM: kvm: Hyper-V enlightened NPT TLB flush enabled
kern  :info  : [Wed May 14 06:45:11 2025] SVM: kvm: Hyper-V Direct TLB Flush enabled
kern  :info  : [Wed May 14 06:45:11 2025] SVM: Virtual VMLOAD VMSAVE supported
kern  :info  : [Wed May 14 06:45:11 2025] Freeing initrd memory: 2372K
kern  :notice: [Wed May 14 06:45:11 2025] Initialise system trusted keyrings
kern  :info  : [Wed May 14 06:45:11 2025] workingset: timestamp_bits=46 max_order=21 bucket_order=0
kern  :info  : [Wed May 14 06:45:11 2025] squashfs: version 4.0 (2009/01/31) Phillip Lougher
kern  :notice: [Wed May 14 06:45:11 2025] NFS: Registering the id_resolver key type
kern  :notice: [Wed May 14 06:45:11 2025] Key type id_resolver registered
kern  :notice: [Wed May 14 06:45:11 2025] Key type id_legacy registered
kern  :info  : [Wed May 14 06:45:11 2025] nfs4filelayout_init: NFSv4 File Layout Driver Registering...
kern  :info  : [Wed May 14 06:45:11 2025] nfs4flexfilelayout_init: NFSv4 Flexfile Layout Driver Registering...
kern  :notice: [Wed May 14 06:45:11 2025] Key type cifs.idmap registered
kern  :info  : [Wed May 14 06:45:11 2025] fuse: init (API version 7.34)
kern  :info  : [Wed May 14 06:45:11 2025] SGI XFS with ACLs, security attributes, realtime, scrub, repair, quota, no debug enabled
kern  :info  : [Wed May 14 06:45:11 2025] 9p: Installing v9fs 9p2000 file system support
kern  :notice: [Wed May 14 06:45:11 2025] FS-Cache: Netfs '9p' registered for caching
kern  :notice: [Wed May 14 06:45:11 2025] FS-Cache: Netfs 'ceph' registered for caching
kern  :info  : [Wed May 14 06:45:11 2025] ceph: loaded (mds proto 32)
kern  :info  : [Wed May 14 06:45:11 2025] NET: Registered PF_ALG protocol family
kern  :info  : [Wed May 14 06:45:11 2025] xor: automatically using best checksumming function   avx       
kern  :notice: [Wed May 14 06:45:11 2025] Key type asymmetric registered
kern  :notice: [Wed May 14 06:45:11 2025] Asymmetric key parser 'x509' registered
kern  :info  : [Wed May 14 06:45:11 2025] Block layer SCSI generic (bsg) driver version 0.4 loaded (major 248)
kern  :info  : [Wed May 14 06:45:11 2025] hv_vmbus: registering driver hv_pci
kern  :info  : [Wed May 14 06:45:11 2025] hv_pci c4b741f5-5582-4c98-8f8b-2e082933c396: PCI VMBus probing: Using version 0x10004
kern  :info  : [Wed May 14 06:45:11 2025] hv_pci c4b741f5-5582-4c98-8f8b-2e082933c396: PCI host bridge to bus 5582:00
kern  :info  : [Wed May 14 06:45:11 2025] pci_bus 5582:00: root bus resource [mem 0x9ffe00000-0x9ffe02fff window]
kern  :info  : [Wed May 14 06:45:11 2025] pci_bus 5582:00: No busn resource found for root bus, will use [bus 00-ff]
kern  :info  : [Wed May 14 06:45:11 2025] pci 5582:00:00.0: [1af4:1043] type 00 class 0x010000
kern  :info  : [Wed May 14 06:45:11 2025] pci 5582:00:00.0: reg 0x10: [mem 0x9ffe00000-0x9ffe00fff 64bit]
kern  :info  : [Wed May 14 06:45:11 2025] pci 5582:00:00.0: reg 0x18: [mem 0x9ffe01000-0x9ffe01fff 64bit]
kern  :info  : [Wed May 14 06:45:11 2025] pci 5582:00:00.0: reg 0x20: [mem 0x9ffe02000-0x9ffe02fff 64bit]
kern  :info  : [Wed May 14 06:45:11 2025] pci_bus 5582:00: busn_res: [bus 00-ff] end is updated to 00
kern  :info  : [Wed May 14 06:45:11 2025] pci 5582:00:00.0: BAR 0: assigned [mem 0x9ffe00000-0x9ffe00fff 64bit]
kern  :info  : [Wed May 14 06:45:11 2025] pci 5582:00:00.0: BAR 2: assigned [mem 0x9ffe01000-0x9ffe01fff 64bit]
kern  :info  : [Wed May 14 06:45:11 2025] pci 5582:00:00.0: BAR 4: assigned [mem 0x9ffe02000-0x9ffe02fff 64bit]
kern  :info  : [Wed May 14 06:45:11 2025] hv_pci 3335866c-a689-47bd-9bd5-54e37d6657df: PCI VMBus probing: Using version 0x10004
kern  :info  : [Wed May 14 06:45:11 2025] hv_pci 3335866c-a689-47bd-9bd5-54e37d6657df: PCI host bridge to bus a689:00
kern  :info  : [Wed May 14 06:45:11 2025] pci_bus a689:00: No busn resource found for root bus, will use [bus 00-ff]
kern  :info  : [Wed May 14 06:45:11 2025] pci a689:00:00.0: [1414:008e] type 00 class 0x030200
kern  :info  : [Wed May 14 06:45:11 2025] pci_bus a689:00: busn_res: [bus 00-ff] end is updated to 00
kern  :info  : [Wed May 14 06:45:11 2025] hv_pci c2fe575b-7b6e-4142-bbee-0271287b1de3: PCI VMBus probing: Using version 0x10004
kern  :info  : [Wed May 14 06:45:11 2025] hv_pci c2fe575b-7b6e-4142-bbee-0271287b1de3: PCI host bridge to bus 7b6e:00
kern  :info  : [Wed May 14 06:45:11 2025] pci_bus 7b6e:00: No busn resource found for root bus, will use [bus 00-ff]
kern  :info  : [Wed May 14 06:45:11 2025] pci 7b6e:00:00.0: [1414:008e] type 00 class 0x030200
kern  :info  : [Wed May 14 06:45:11 2025] pci_bus 7b6e:00: busn_res: [bus 00-ff] end is updated to 00
kern  :info  : [Wed May 14 06:45:11 2025] ACPI: AC: AC Adapter [AC1] (off-line)
kern  :info  : [Wed May 14 06:45:11 2025] ACPI: battery: Slot [BAT1] (battery present)
kern  :info  : [Wed May 14 06:45:11 2025] Serial: 8250/16550 driver, 4 ports, IRQ sharing disabled
kern  :info  : [Wed May 14 06:45:11 2025] Non-volatile memory driver v1.3
kern  :info  : [Wed May 14 06:45:11 2025] [drm] Initialized vgem 1.0.0 20120112 for vgem on minor 0
kern  :info  : [Wed May 14 06:45:11 2025] brd: module loaded
kern  :info  : [Wed May 14 06:45:11 2025] loop: module loaded
kern  :info  : [Wed May 14 06:45:11 2025] hv_vmbus: registering driver hv_storvsc
kern  :info  : [Wed May 14 06:45:11 2025] wireguard: WireGuard 1.0.0 loaded. See www.wireguard.com for information.
kern  :info  : [Wed May 14 06:45:11 2025] wireguard: Copyright (C) 2015-2019 Jason A. Donenfeld <Jason@zx2c4.com>. All Rights Reserved.
kern  :info  : [Wed May 14 06:45:11 2025] tun: Universal TUN/TAP device driver, 1.6
kern  :info  : [Wed May 14 06:45:11 2025] PPP generic driver version 2.4.2
kern  :info  : [Wed May 14 06:45:11 2025] PPP BSD Compression module registered
kern  :info  : [Wed May 14 06:45:11 2025] PPP Deflate Compression module registered
kern  :info  : [Wed May 14 06:45:11 2025] PPP MPPE Compression module registered
kern  :info  : [Wed May 14 06:45:11 2025] NET: Registered PF_PPPOX protocol family
kern  :info  : [Wed May 14 06:45:11 2025] usbcore: registered new interface driver cdc_ether
kern  :info  : [Wed May 14 06:45:11 2025] usbcore: registered new interface driver cdc_ncm
kern  :info  : [Wed May 14 06:45:11 2025] usbcore: registered new interface driver r8153_ecm
kern  :info  : [Wed May 14 06:45:11 2025] hv_vmbus: registering driver hv_netvsc
kern  :info  : [Wed May 14 06:45:11 2025] VFIO - User Level meta-driver version: 0.3
kern  :info  : [Wed May 14 06:45:11 2025] usbcore: registered new interface driver cdc_acm
kern  :info  : [Wed May 14 06:45:11 2025] cdc_acm: USB Abstract Control Model driver for USB modems and ISDN adapters
kern  :info  : [Wed May 14 06:45:11 2025] vhci_hcd vhci_hcd.0: USB/IP Virtual Host Controller
kern  :info  : [Wed May 14 06:45:11 2025] vhci_hcd vhci_hcd.0: new USB bus registered, assigned bus number 1
kern  :info  : [Wed May 14 06:45:11 2025] vhci_hcd: created sysfs vhci_hcd.0
kern  :info  : [Wed May 14 06:45:11 2025] usb usb1: New USB device found, idVendor=1d6b, idProduct=0002, bcdDevice= 5.15
kern  :info  : [Wed May 14 06:45:11 2025] usb usb1: New USB device strings: Mfr=3, Product=2, SerialNumber=1
kern  :info  : [Wed May 14 06:45:11 2025] usb usb1: Product: USB/IP Virtual Host Controller
kern  :info  : [Wed May 14 06:45:11 2025] usb usb1: Manufacturer: Linux 5.15.167.4-microsoft-standard-WSL2 vhci_hcd
kern  :info  : [Wed May 14 06:45:11 2025] usb usb1: SerialNumber: vhci_hcd.0
kern  :info  : [Wed May 14 06:45:11 2025] hub 1-0:1.0: USB hub found
kern  :info  : [Wed May 14 06:45:11 2025] hub 1-0:1.0: 8 ports detected
kern  :info  : [Wed May 14 06:45:11 2025] scsi host0: storvsc_host_t
kern  :info  : [Wed May 14 06:45:11 2025] vhci_hcd vhci_hcd.0: USB/IP Virtual Host Controller
kern  :info  : [Wed May 14 06:45:11 2025] vhci_hcd vhci_hcd.0: new USB bus registered, assigned bus number 2
kern  :info  : [Wed May 14 06:45:11 2025] usb usb2: We don't know the algorithms for LPM for this host, disabling LPM.
kern  :info  : [Wed May 14 06:45:11 2025] usb usb2: New USB device found, idVendor=1d6b, idProduct=0003, bcdDevice= 5.15
kern  :info  : [Wed May 14 06:45:11 2025] usb usb2: New USB device strings: Mfr=3, Product=2, SerialNumber=1
kern  :info  : [Wed May 14 06:45:11 2025] usb usb2: Product: USB/IP Virtual Host Controller
kern  :info  : [Wed May 14 06:45:11 2025] usb usb2: Manufacturer: Linux 5.15.167.4-microsoft-standard-WSL2 vhci_hcd
kern  :info  : [Wed May 14 06:45:11 2025] usb usb2: SerialNumber: vhci_hcd.0
kern  :info  : [Wed May 14 06:45:11 2025] hub 2-0:1.0: USB hub found
kern  :info  : [Wed May 14 06:45:11 2025] hub 2-0:1.0: 8 ports detected
kern  :info  : [Wed May 14 06:45:11 2025] hv_vmbus: registering driver hyperv_keyboard
kern  :info  : [Wed May 14 06:45:11 2025] rtc_cmos 00:00: RTC can wake from S4
kern  :info  : [Wed May 14 06:45:11 2025] rtc_cmos 00:00: registered as rtc0
kern  :info  : [Wed May 14 06:45:11 2025] rtc_cmos 00:00: setting system clock to 2025-05-14T06:45:11 UTC (1747205111)
kern  :info  : [Wed May 14 06:45:11 2025] rtc_cmos 00:00: alarms up to one month, 114 bytes nvram
kern  :info  : [Wed May 14 06:45:11 2025] device-mapper: ioctl: 4.45.0-ioctl (2021-03-22) initialised: dm-devel@redhat.com
kern  :info  : [Wed May 14 06:45:11 2025] device-mapper: raid: Loading target version 1.15.1
kern  :info  : [Wed May 14 06:45:11 2025] hid: raw HID events driver (C) Jiri Kosina
kern  :info  : [Wed May 14 06:45:11 2025] usbcore: registered new interface driver usbhid
kern  :info  : [Wed May 14 06:45:11 2025] usbhid: USB HID core driver
kern  :info  : [Wed May 14 06:45:11 2025] hv_utils: Registering HyperV Utility Driver
kern  :info  : [Wed May 14 06:45:11 2025] hv_vmbus: registering driver hv_utils
kern  :info  : [Wed May 14 06:45:11 2025] hv_vmbus: registering driver hv_balloon
kern  :info  : [Wed May 14 06:45:11 2025] hv_vmbus: registering driver dxgkrnl
kern  :info  : [Wed May 14 06:45:11 2025] hv_balloon: Using Dynamic Memory protocol version 2.0
kern  :info  : [Wed May 14 06:45:11 2025] hv_utils: TimeSync IC version 4.0
kern  :info  : [Wed May 14 06:45:11 2025] Free page reporting enabled
kern  :info  : [Wed May 14 06:45:11 2025] hv_balloon: Cold memory discard hint enabled with order 9
kern  :info  : [Wed May 14 06:45:11 2025] drop_monitor: Initializing network drop monitor service
kern  :info  : [Wed May 14 06:45:11 2025] Mirror/redirect action on
kern  :info  : [Wed May 14 06:45:11 2025] u32 classifier
kern  :info  : [Wed May 14 06:45:11 2025]     Performance counters on
kern  :info  : [Wed May 14 06:45:11 2025]     input device check on
kern  :info  : [Wed May 14 06:45:11 2025]     Actions configured
kern  :info  : [Wed May 14 06:45:11 2025] IPVS: Registered protocols (TCP, UDP)
kern  :info  : [Wed May 14 06:45:11 2025] IPVS: Connection hash table configured (size=4096, memory=32Kbytes)
kern  :info  : [Wed May 14 06:45:11 2025] IPVS: ipvs loaded.
kern  :info  : [Wed May 14 06:45:11 2025] IPVS: [rr] scheduler registered.
kern  :info  : [Wed May 14 06:45:11 2025] IPVS: [wrr] scheduler registered.
kern  :info  : [Wed May 14 06:45:11 2025] IPVS: [sh] scheduler registered.
kern  :info  : [Wed May 14 06:45:11 2025] ipt_CLUSTERIP: ClusterIP Version 0.8 loaded successfully
kern  :info  : [Wed May 14 06:45:11 2025] Initializing XFRM netlink socket
kern  :info  : [Wed May 14 06:45:11 2025] NET: Registered PF_INET6 protocol family
kern  :info  : [Wed May 14 06:45:11 2025] Segment Routing with IPv6
kern  :info  : [Wed May 14 06:45:11 2025] In-situ OAM (IOAM) with IPv6
kern  :info  : [Wed May 14 06:45:11 2025] NET: Registered PF_PACKET protocol family
kern  :notice: [Wed May 14 06:45:11 2025] Bridge firewalling registered
kern  :info  : [Wed May 14 06:45:11 2025] 8021q: 802.1Q VLAN Support v1.8
kern  :info  : [Wed May 14 06:45:11 2025] sctp: Hash tables configured (bind 256/256)
kern  :info  : [Wed May 14 06:45:11 2025] 9pnet: Installing 9P2000 support
kern  :notice: [Wed May 14 06:45:11 2025] Key type dns_resolver registered
kern  :notice: [Wed May 14 06:45:11 2025] Key type ceph registered
kern  :info  : [Wed May 14 06:45:11 2025] libceph: loaded (mon/osd proto 15/24)
kern  :info  : [Wed May 14 06:45:11 2025] NET: Registered PF_VSOCK protocol family
kern  :info  : [Wed May 14 06:45:11 2025] hv_vmbus: registering driver hv_sock
kern  :info  : [Wed May 14 06:45:11 2025] IPI shorthand broadcast: enabled
kern  :info  : [Wed May 14 06:45:11 2025] sched_clock: Marking stable (780982586, 551900)->(820959400, -39424914)
kern  :info  : [Wed May 14 06:45:11 2025] registered taskstats version 1
kern  :notice: [Wed May 14 06:45:11 2025] Loading compiled-in X.509 certificates
kern  :info  : [Wed May 14 06:45:11 2025] Btrfs loaded, crc32c=crc32c-generic, zoned=no, fsverity=no
kern  :info  : [Wed May 14 06:45:11 2025] clk: Disabling unused clocks
kern  :err   : [Wed May 14 06:45:11 2025] Warning: unable to open an initial console.
kern  :info  : [Wed May 14 06:45:11 2025] Freeing unused kernel image (initmem) memory: 2016K
kern  :info  : [Wed May 14 06:45:11 2025] Write protecting the kernel read-only data: 30720k
kern  :info  : [Wed May 14 06:45:11 2025] Freeing unused kernel image (text/rodata gap) memory: 2024K
kern  :info  : [Wed May 14 06:45:11 2025] Freeing unused kernel image (rodata/data gap) memory: 572K
kern  :info  : [Wed May 14 06:45:11 2025] Run /init as init process
kern  :debug : [Wed May 14 06:45:11 2025]   with arguments:
kern  :debug : [Wed May 14 06:45:11 2025]     /init
kern  :debug : [Wed May 14 06:45:11 2025]   with environment:
kern  :debug : [Wed May 14 06:45:11 2025]     HOME=/
kern  :debug : [Wed May 14 06:45:11 2025]     TERM=linux
kern  :debug : [Wed May 14 06:45:11 2025]     WSL_ROOT_INIT=1
kern  :debug : [Wed May 14 06:45:11 2025]     WSL_ENABLE_CRASH_DUMP=1
user  :err   : [Wed May 14 06:45:11 2025] WSL (1 - ) ERROR: InitializeLogging:1655: open(/dev/hvc2) failed 2
user  :err   : [Wed May 14 06:45:11 2025] WSL (1 - ) ERROR: main:3846: /init was started without /dev/console
kern  :info  : [Wed May 14 06:45:12 2025] clocksource: tsc: mask: 0xffffffffffffffff max_cycles: 0x29b94b72408, max_idle_ns: 440795328377 ns
kern  :info  : [Wed May 14 06:45:12 2025] clocksource: Switched to clocksource tsc
kern  :info  : [Wed May 14 06:45:13 2025] printk: console [hvc0] enabled
kern  :notice: [Wed May 14 06:45:15 2025] scsi 0:0:0:0: Direct-Access     Msft     Virtual Disk     1.0  PQ: 0 ANSI: 5
kern  :notice: [Wed May 14 06:45:15 2025] sd 0:0:0:0: Attached scsi generic sg0 type 0
kern  :notice: [Wed May 14 06:45:15 2025] sd 0:0:0:0: [sda] 795504 512-byte logical blocks: (407 MB/388 MiB)
kern  :notice: [Wed May 14 06:45:15 2025] scsi 0:0:0:1: Direct-Access     Msft     Virtual Disk     1.0  PQ: 0 ANSI: 5
kern  :notice: [Wed May 14 06:45:15 2025] sd 0:0:0:0: [sda] Write Protect is on
kern  :debug : [Wed May 14 06:45:15 2025] sd 0:0:0:0: [sda] Mode Sense: 0f 00 80 00
kern  :notice: [Wed May 14 06:45:15 2025] sd 0:0:0:0: [sda] Write cache: disabled, read cache: enabled, doesn't support DPO or FUA
kern  :notice: [Wed May 14 06:45:15 2025] sd 0:0:0:0: [sda] Attached SCSI disk
kern  :notice: [Wed May 14 06:45:15 2025] sd 0:0:0:1: Attached scsi generic sg1 type 0
kern  :notice: [Wed May 14 06:45:15 2025] sd 0:0:0:1: [sdb] 4194312 512-byte logical blocks: (2.15 GB/2.00 GiB)
kern  :notice: [Wed May 14 06:45:15 2025] sd 0:0:0:1: [sdb] 4096-byte physical blocks
kern  :notice: [Wed May 14 06:45:15 2025] sd 0:0:0:1: [sdb] Write Protect is off
kern  :debug : [Wed May 14 06:45:15 2025] sd 0:0:0:1: [sdb] Mode Sense: 0f 00 00 00
kern  :notice: [Wed May 14 06:45:15 2025] sd 0:0:0:1: [sdb] Write cache: enabled, read cache: enabled, doesn't support DPO or FUA
kern  :notice: [Wed May 14 06:45:15 2025] sd 0:0:0:1: [sdb] Attached SCSI disk
kern  :info  : [Wed May 14 06:45:15 2025] EXT4-fs (sda): mounted filesystem without journal. Opts: (null). Quota mode: none.
kern  :info  : [Wed May 14 06:45:15 2025] Adding 2097152k swap on /dev/sdb.  Priority:-2 extents:1 across:2097152k 
kern  :info  : [Wed May 14 06:45:16 2025] IPv6: ADDRCONF(NETDEV_CHANGE): eth0: link becomes ready
kern  :info  : [Wed May 14 06:45:17 2025] hv_pci 4bd66309-e577-4e89-ac9e-e1b7e5c2fbc5: PCI VMBus probing: Using version 0x10004
kern  :info  : [Wed May 14 06:45:17 2025] hv_pci 4bd66309-e577-4e89-ac9e-e1b7e5c2fbc5: PCI host bridge to bus e577:00
kern  :info  : [Wed May 14 06:45:17 2025] pci_bus e577:00: root bus resource [mem 0xc00000000-0xe00001fff window]
kern  :info  : [Wed May 14 06:45:17 2025] pci_bus e577:00: No busn resource found for root bus, will use [bus 00-ff]
kern  :info  : [Wed May 14 06:45:17 2025] pci e577:00:00.0: [1af4:105a] type 00 class 0x088000
kern  :info  : [Wed May 14 06:45:17 2025] pci e577:00:00.0: reg 0x10: [mem 0xe00000000-0xe00000fff 64bit]
kern  :info  : [Wed May 14 06:45:17 2025] pci e577:00:00.0: reg 0x18: [mem 0xe00001000-0xe00001fff 64bit]
kern  :info  : [Wed May 14 06:45:17 2025] pci e577:00:00.0: reg 0x20: [mem 0xc00000000-0xdffffffff 64bit]
kern  :info  : [Wed May 14 06:45:17 2025] pci_bus e577:00: busn_res: [bus 00-ff] end is updated to 00
kern  :info  : [Wed May 14 06:45:17 2025] pci e577:00:00.0: BAR 4: assigned [mem 0xc00000000-0xdffffffff 64bit]
kern  :info  : [Wed May 14 06:45:17 2025] pci e577:00:00.0: BAR 0: assigned [mem 0xe00000000-0xe00000fff 64bit]
kern  :info  : [Wed May 14 06:45:17 2025] pci e577:00:00.0: BAR 2: assigned [mem 0xe00001000-0xe00001fff 64bit]
kern  :notice: [Wed May 14 06:45:17 2025] virtiofs virtio1: Cache len: 0x200000000 @ 0xc00000000
kern  :info  : [Wed May 14 06:45:17 2025] memmap_init_zone_device initialised 2097152 pages in 100ms
kern  :err   : [Wed May 14 06:45:17 2025] FS-Cache: Duplicate cookie detected
kern  :err   : [Wed May 14 06:45:17 2025] FS-Cache: O-cookie c=00000005 [p=00000002 fl=222 nc=0 na=1]
kern  :err   : [Wed May 14 06:45:17 2025] FS-Cache: O-cookie d=0000000053ff196e{9P.session} n=00000000b32e434c
kern  :err   : [Wed May 14 06:45:17 2025] FS-Cache: O-key=[10] '34323934393337393136'
kern  :err   : [Wed May 14 06:45:17 2025] FS-Cache: N-cookie c=00000006 [p=00000002 fl=2 nc=0 na=1]
kern  :err   : [Wed May 14 06:45:17 2025] FS-Cache: N-cookie d=0000000053ff196e{9P.session} n=00000000c4eac7ac
kern  :err   : [Wed May 14 06:45:17 2025] FS-Cache: N-key=[10] '34323934393337393136'
kern  :notice: [Wed May 14 06:45:17 2025] scsi 0:0:0:2: Direct-Access     Msft     Virtual Disk     1.0  PQ: 0 ANSI: 5
kern  :notice: [Wed May 14 06:45:17 2025] sd 0:0:0:2: Attached scsi generic sg2 type 0
kern  :notice: [Wed May 14 06:45:17 2025] sd 0:0:0:2: [sdc] 2147483648 512-byte logical blocks: (1.10 TB/1.00 TiB)
kern  :notice: [Wed May 14 06:45:17 2025] sd 0:0:0:2: [sdc] 4096-byte physical blocks
kern  :notice: [Wed May 14 06:45:17 2025] sd 0:0:0:2: [sdc] Write Protect is off
kern  :debug : [Wed May 14 06:45:17 2025] sd 0:0:0:2: [sdc] Mode Sense: 0f 00 00 00
kern  :notice: [Wed May 14 06:45:17 2025] sd 0:0:0:2: [sdc] Write cache: enabled, read cache: enabled, doesn't support DPO or FUA
kern  :notice: [Wed May 14 06:45:17 2025] sd 0:0:0:2: [sdc] Attached SCSI disk
kern  :info  : [Wed May 14 06:45:17 2025] EXT4-fs (sdc): recovery complete
kern  :info  : [Wed May 14 06:45:17 2025] EXT4-fs (sdc): mounted filesystem with ordered data mode. Opts: discard,errors=remount-ro,data=ordered. Quota mode: none.
kern  :err   : [Wed May 14 06:45:17 2025] FS-Cache: Duplicate cookie detected
kern  :err   : [Wed May 14 06:45:17 2025] FS-Cache: O-cookie c=00000008 [p=00000007 fl=226 nc=0 na=1]
kern  :err   : [Wed May 14 06:45:17 2025] FS-Cache: O-cookie d=0000000096a6e8b1{9p.inode} n=00000000c2b68aac
kern  :err   : [Wed May 14 06:45:17 2025] FS-Cache: O-key=[8] 'ccf90b0000001300'
kern  :err   : [Wed May 14 06:45:17 2025] FS-Cache: N-cookie c=00000009 [p=00000007 fl=2 nc=0 na=1]
kern  :err   : [Wed May 14 06:45:17 2025] FS-Cache: N-cookie d=0000000096a6e8b1{9p.inode} n=000000000b26734d
kern  :err   : [Wed May 14 06:45:17 2025] FS-Cache: N-key=[8] 'ccf90b0000001300'
kern  :err   : [Wed May 14 06:45:17 2025] FS-Cache: Duplicate cookie detected
kern  :err   : [Wed May 14 06:45:17 2025] FS-Cache: O-cookie c=00000008 [p=00000007 fl=226 nc=0 na=1]
kern  :err   : [Wed May 14 06:45:17 2025] FS-Cache: O-cookie d=0000000096a6e8b1{9p.inode} n=00000000c2b68aac
kern  :err   : [Wed May 14 06:45:17 2025] FS-Cache: O-key=[8] 'ccf90b0000001300'
kern  :err   : [Wed May 14 06:45:17 2025] FS-Cache: N-cookie c=0000000a [p=00000007 fl=2 nc=0 na=1]
kern  :err   : [Wed May 14 06:45:17 2025] FS-Cache: N-cookie d=0000000096a6e8b1{9p.inode} n=000000002153d5c6
kern  :err   : [Wed May 14 06:45:17 2025] FS-Cache: N-key=[8] 'ccf90b0000001300'
kern  :err   : [Wed May 14 06:45:17 2025] FS-Cache: Duplicate cookie detected
kern  :err   : [Wed May 14 06:45:17 2025] FS-Cache: O-cookie c=0000000c [p=00000007 fl=226 nc=0 na=1]
kern  :err   : [Wed May 14 06:45:17 2025] FS-Cache: O-cookie d=0000000096a6e8b1{9p.inode} n=00000000202cef94
kern  :err   : [Wed May 14 06:45:17 2025] FS-Cache: O-key=[8] 'cdf90b0000001b00'
kern  :err   : [Wed May 14 06:45:17 2025] FS-Cache: N-cookie c=0000000d [p=00000007 fl=2 nc=0 na=1]
kern  :err   : [Wed May 14 06:45:17 2025] FS-Cache: N-cookie d=0000000096a6e8b1{9p.inode} n=0000000066534925
kern  :err   : [Wed May 14 06:45:17 2025] FS-Cache: N-key=[8] 'cdf90b0000001b00'
kern  :err   : [Wed May 14 06:45:17 2025] FS-Cache: Duplicate cookie detected
kern  :err   : [Wed May 14 06:45:17 2025] FS-Cache: O-cookie c=0000000f [p=00000007 fl=226 nc=0 na=1]
kern  :err   : [Wed May 14 06:45:17 2025] FS-Cache: O-cookie d=0000000096a6e8b1{9p.inode} n=000000005a3d67e2
kern  :err   : [Wed May 14 06:45:17 2025] FS-Cache: O-key=[8] 'ddf90b0000001000'
kern  :err   : [Wed May 14 06:45:17 2025] FS-Cache: N-cookie c=00000010 [p=00000007 fl=2 nc=0 na=1]
kern  :err   : [Wed May 14 06:45:17 2025] FS-Cache: N-cookie d=0000000096a6e8b1{9p.inode} n=00000000df0f01a0
kern  :err   : [Wed May 14 06:45:17 2025] FS-Cache: N-key=[8] 'ddf90b0000001000'
kern  :err   : [Wed May 14 06:45:17 2025] FS-Cache: Duplicate cookie detected
kern  :err   : [Wed May 14 06:45:17 2025] FS-Cache: O-cookie c=00000012 [p=00000007 fl=226 nc=0 na=1]
kern  :err   : [Wed May 14 06:45:17 2025] FS-Cache: O-cookie d=0000000096a6e8b1{9p.inode} n=00000000599c187f
kern  :err   : [Wed May 14 06:45:17 2025] FS-Cache: O-key=[8] 'eff90b0000001f00'
kern  :err   : [Wed May 14 06:45:17 2025] FS-Cache: N-cookie c=00000013 [p=00000007 fl=2 nc=0 na=1]
kern  :err   : [Wed May 14 06:45:17 2025] FS-Cache: N-cookie d=0000000096a6e8b1{9p.inode} n=000000009635f426
kern  :err   : [Wed May 14 06:45:17 2025] FS-Cache: N-key=[8] 'eff90b0000001f00'
user  :err   : [Wed May 14 06:45:18 2025] WSL (1 - init(docker-desktop)) ERROR: ConfigApplyWindowsLibPath:2542: open /etc/ld.so.conf.d/ld.wsl.conf failed 2
user  :warn  : [Wed May 14 06:45:18 2025] WSL (1 - init(docker-desktop)) WARNING: /usr/share/zoneinfo/Europe/Bucharest not found. Is the tzdata package installed?
kern  :notice: [Wed May 14 06:45:18 2025] scsi 0:0:0:3: Direct-Access     Msft     Virtual Disk     1.0  PQ: 0 ANSI: 5
kern  :notice: [Wed May 14 06:45:18 2025] sd 0:0:0:3: Attached scsi generic sg3 type 0
kern  :notice: [Wed May 14 06:45:18 2025] sd 0:0:0:3: [sdd] 2147483648 512-byte logical blocks: (1.10 TB/1.00 TiB)
kern  :notice: [Wed May 14 06:45:18 2025] sd 0:0:0:3: [sdd] 4096-byte physical blocks
kern  :notice: [Wed May 14 06:45:18 2025] sd 0:0:0:3: [sdd] Write Protect is off
kern  :debug : [Wed May 14 06:45:18 2025] sd 0:0:0:3: [sdd] Mode Sense: 0f 00 00 00
kern  :notice: [Wed May 14 06:45:18 2025] sd 0:0:0:3: [sdd] Write cache: enabled, read cache: enabled, doesn't support DPO or FUA
kern  :notice: [Wed May 14 06:45:18 2025] sd 0:0:0:3: [sdd] Attached SCSI disk
kern  :err   : [Wed May 14 06:45:19 2025] misc dxg: dxgk: dxgkio_is_feature_enabled: Ioctl failed: -22
kern  :err   : [Wed May 14 06:45:19 2025] misc dxg: dxgk: dxgkio_query_adapter_info: Ioctl failed: -22
kern  :err   : [Wed May 14 06:45:19 2025] misc dxg: dxgk: dxgkio_query_adapter_info: Ioctl failed: -22
kern  :err   : [Wed May 14 06:45:19 2025] misc dxg: dxgk: dxgkio_query_adapter_info: Ioctl failed: -22
kern  :err   : [Wed May 14 06:45:19 2025] misc dxg: dxgk: dxgkio_query_adapter_info: Ioctl failed: -2
kern  :err   : [Wed May 14 06:45:19 2025] misc dxg: dxgk: dxgkio_query_adapter_info: Ioctl failed: -22
kern  :err   : [Wed May 14 06:45:19 2025] misc dxg: dxgk: dxgkio_query_adapter_info: Ioctl failed: -22
kern  :err   : [Wed May 14 06:45:19 2025] misc dxg: dxgk: dxgkio_query_adapter_info: Ioctl failed: -22
kern  :err   : [Wed May 14 06:45:19 2025] misc dxg: dxgk: dxgkio_query_adapter_info: Ioctl failed: -2
kern  :info  : [Wed May 14 06:45:21 2025] EXT4-fs (sdd): recovery complete
kern  :info  : [Wed May 14 06:45:21 2025] EXT4-fs (sdd): mounted filesystem with ordered data mode. Opts: (null). Quota mode: none.
kern  :info  : [Wed May 14 06:45:21 2025] loop0: detected capacity change from 0 to 1089380
kern  :debug : [Wed May 14 06:45:21 2025] ISO 9660 Extensions: Microsoft Joliet Level 3
kern  :debug : [Wed May 14 06:45:21 2025] ISO 9660 Extensions: RRIP_1991A
kern  :info  : [Wed May 14 06:45:21 2025] loop1: detected capacity change from 0 to 1279932
kern  :debug : [Wed May 14 06:45:21 2025] ISO 9660 Extensions: RRIP_1991A
kern  :warn  : [Wed May 14 06:45:22 2025] netlink: 'init': attribute type 4 has an invalid length.
kern  :info  : [Wed May 14 06:45:22 2025] IPv6: ADDRCONF(NETDEV_CHANGE): services1: link becomes ready
kern  :info  : [Wed May 14 06:45:22 2025] capability: warning: `lifecycle-serve' uses 32-bit capabilities (legacy support in use)
kern  :info  : [Wed May 14 06:45:23 2025] IPv6: ADDRCONF(NETDEV_CHANGE): services0: link becomes ready
user  :err   : [Wed May 14 06:45:27 2025] WSL (210) ERROR: CheckConnection: getaddrinfo() failed: -3
kern  :info  : [Wed May 14 06:45:31 2025] br-630d2b4ebafb: port 1(veth7ad6dad) entered blocking state
kern  :info  : [Wed May 14 06:45:31 2025] br-630d2b4ebafb: port 1(veth7ad6dad) entered disabled state
kern  :info  : [Wed May 14 06:45:31 2025] device veth7ad6dad entered promiscuous mode
kern  :info  : [Wed May 14 06:45:31 2025] eth0: renamed from vethfdd916b
kern  :info  : [Wed May 14 06:45:31 2025] IPv6: ADDRCONF(NETDEV_CHANGE): veth7ad6dad: link becomes ready
kern  :info  : [Wed May 14 06:45:31 2025] br-630d2b4ebafb: port 1(veth7ad6dad) entered blocking state
kern  :info  : [Wed May 14 06:45:31 2025] br-630d2b4ebafb: port 1(veth7ad6dad) entered forwarding state
kern  :info  : [Wed May 14 06:45:31 2025] IPv6: ADDRCONF(NETDEV_CHANGE): br-630d2b4ebafb: link becomes ready
kern  :info  : [Wed May 14 06:45:31 2025] br-630d2b4ebafb: port 2(veth7774ad9) entered blocking state
kern  :info  : [Wed May 14 06:45:31 2025] br-630d2b4ebafb: port 2(veth7774ad9) entered disabled state
kern  :info  : [Wed May 14 06:45:31 2025] device veth7774ad9 entered promiscuous mode
kern  :info  : [Wed May 14 06:45:31 2025] br-630d2b4ebafb: port 2(veth7774ad9) entered blocking state
kern  :info  : [Wed May 14 06:45:31 2025] br-630d2b4ebafb: port 2(veth7774ad9) entered forwarding state
kern  :info  : [Wed May 14 06:45:31 2025] eth0: renamed from veth2249c41
kern  :info  : [Wed May 14 06:45:31 2025] IPv6: ADDRCONF(NETDEV_CHANGE): veth7774ad9: link becomes ready
user  :err   : [Wed May 14 06:45:32 2025] WSL (210) ERROR: CheckConnection: getaddrinfo() failed: -3
kern  :info  : [Wed May 14 06:46:00 2025] hv_balloon: Max. dynamic memory size: 7896 MB
kern  :info  : [Wed May 14 06:46:51 2025] br-630d2b4ebafb: port 1(veth7ad6dad) entered disabled state
kern  :info  : [Wed May 14 06:46:51 2025] vethfdd916b: renamed from eth0
kern  :info  : [Wed May 14 06:46:51 2025] br-630d2b4ebafb: port 1(veth7ad6dad) entered disabled state
kern  :info  : [Wed May 14 06:46:51 2025] device veth7ad6dad left promiscuous mode
kern  :info  : [Wed May 14 06:46:51 2025] br-630d2b4ebafb: port 1(veth7ad6dad) entered disabled state
user  :err   : [Wed May 14 06:47:55 2025] WSL (210) ERROR: CheckConnection: getaddrinfo() failed: -5
kern  :info  : [Wed May 14 06:48:27 2025] br-630d2b4ebafb: port 1(vethe695b32) entered blocking state
kern  :info  : [Wed May 14 06:48:27 2025] br-630d2b4ebafb: port 1(vethe695b32) entered disabled state
kern  :info  : [Wed May 14 06:48:27 2025] device vethe695b32 entered promiscuous mode
kern  :info  : [Wed May 14 06:48:27 2025] eth0: renamed from veth103e8e2
kern  :info  : [Wed May 14 06:48:27 2025] IPv6: ADDRCONF(NETDEV_CHANGE): vethe695b32: link becomes ready
kern  :info  : [Wed May 14 06:48:27 2025] br-630d2b4ebafb: port 1(vethe695b32) entered blocking state
kern  :info  : [Wed May 14 06:48:27 2025] br-630d2b4ebafb: port 1(vethe695b32) entered forwarding state
user  :warn  : [Wed May 14 06:48:35 2025] WSL (1 - init(docker-desktop)) WARNING: /usr/share/zoneinfo/Europe/Bucharest not found. Is the tzdata package installed?
user  :warn  : [Wed May 14 06:48:35 2025] WSL (1 - init(docker-desktop)) WARNING: /usr/share/zoneinfo/Europe/Bucharest not found. Is the tzdata package installed?
user  :warn  : [Wed May 14 06:48:35 2025] WSL (1 - init(docker-desktop)) WARNING: /usr/share/zoneinfo/Europe/Bucharest not found. Is the tzdata package installed?
kern  :info  : [Wed May 14 06:48:48 2025] br-630d2b4ebafb: port 1(vethe695b32) entered disabled state
kern  :info  : [Wed May 14 06:48:48 2025] veth103e8e2: renamed from eth0
kern  :info  : [Wed May 14 06:48:48 2025] br-630d2b4ebafb: port 1(vethe695b32) entered disabled state
kern  :info  : [Wed May 14 06:48:48 2025] device vethe695b32 left promiscuous mode
kern  :info  : [Wed May 14 06:48:48 2025] br-630d2b4ebafb: port 1(vethe695b32) entered disabled state
kern  :info  : [Wed May 14 06:50:27 2025] br-630d2b4ebafb: port 1(vethf70ab8e) entered blocking state
kern  :info  : [Wed May 14 06:50:27 2025] br-630d2b4ebafb: port 1(vethf70ab8e) entered disabled state
kern  :info  : [Wed May 14 06:50:27 2025] device vethf70ab8e entered promiscuous mode
kern  :info  : [Wed May 14 06:50:27 2025] eth0: renamed from veth62af659
kern  :info  : [Wed May 14 06:50:27 2025] IPv6: ADDRCONF(NETDEV_CHANGE): vethf70ab8e: link becomes ready
kern  :info  : [Wed May 14 06:50:27 2025] br-630d2b4ebafb: port 1(vethf70ab8e) entered blocking state
kern  :info  : [Wed May 14 06:50:27 2025] br-630d2b4ebafb: port 1(vethf70ab8e) entered forwarding state
